⚠️  EMAIL_USER or EMAIL_PASS is not configured. Candidate confirmation emails will not be sent.
❌ Database Connection Error: AggregateError: 
    at Server.<anonymous> (D:\amal\WEB\adway\web-main\server\index.js:1786:14)
    at Server.f (D:\amal\WEB\adway\web-main\server\node_modules\once\once.js:25:25)
    at Object.onceWrapper (node:events:631:26)
    at Server.emit (node:events:509:28)
    at emitErrorNT (node:net:2203:8)
    at process.processTicksAndRejections (node:internal/process/task_queues:90:21) {
  code: 'ECONNREFUSED',
  fatal: true,
  [errors]: [
    Error: connect ECONNREFUSED ::1:3306
        at createConnectionError (node:net:1905:14)
        at afterConnectMultiple (node:net:1935:16) {
      errno: -4078,
      code: 'ECONNREFUSED',
      syscall: 'connect',
      address: '::1',
      port: 3306
    },
    Error: connect ECONNREFUSED 127.0.0.1:3306
        at createConnectionError (node:net:1905:14)
        at afterConnectMultiple (node:net:1935:16) {
      errno: -4078,
      code: 'ECONNREFUSED',
      syscall: 'connect',
      address: '127.0.0.1',
      port: 3306
    }
  ]
}
